{"logTime": "0919/020046", "correlationVector":"rKCTaW8lEVbT5d3PQon/tx","action":"EXTENSION_UPDATER", "result":""}
{"logTime": "0919/020048", "correlationVector":"FF918ECD2D8F473C90EEEF136831A42A","action":"FETCH_UX_CONFIG", "result":""}
{"logTime": "0919/020048", "correlationVector":"3t1UWqc4LsypxCCet+QQzA","action":"EXTENSION_UPDATER", "result":""}
{"logTime": "0919/020122", "correlationVector":"e3tL5Ou5yiKlC95DJz/qvs","action":"EXTENSION_UPDATER", "result":""}
{"logTime": "0919/020123", "correlationVector":"Gik1ny1z1QjHLCMKjR9E9K","action":"EXTENSION_UPDATER", "result":""}
{"logTime": "0919/020125", "correlationVector":"61C12302B9E24083966302BE47FF4017","action":"FETCH_UX_CONFIG", "result":""}
{"logTime": "0919/020152", "correlationVector":"0HwZYoc4VKtFlfqz7FzVgE","action":"EXTENSION_UPDATER", "result":""}
{"logTime": "0919/020153", "correlationVector":"53BB2BB7ED0E40B69BE3E682FA748B30","action":"FETCH_UX_CONFIG", "result":""}
{"logTime": "0919/020153", "correlationVector":"EkeTUDlzDxhOngb9NH4rcq","action":"EXTENSION_UPDATER", "result":""}
{"logTime": "0919/020250", "correlationVector":"mvXaatcrAOXl3Q+x+H/UOr","action":"EXTENSION_UPDATER", "result":""}
{"logTime": "0919/020251", "correlationVector":"L+Jq3rWsb88G3m+/avJ+RK","action":"EXTENSION_UPDATER", "result":""}
{"logTime": "0919/020254", "correlationVector":"A4E1CB2B480945EC9E99D7B391C2205A","action":"FETCH_UX_CONFIG", "result":""}
{"logTime": "0919/020321", "correlationVector":"njDpOKGcpDE1kzzAoGeow4","action":"EXTENSION_UPDATER", "result":""}
{"logTime": "0919/020323", "correlationVector":"A22650BEDA924DE39DB82782D63AFE28","action":"FETCH_UX_CONFIG", "result":""}
{"logTime": "0919/020323", "correlationVector":"d4vdjv8EYYpBy6ZNNXuoKK","action":"EXTENSION_UPDATER", "result":""}
{"logTime": "0919/020357", "correlationVector":"qhp2YlcQS6GKl104j7nTeN","action":"EXTENSION_UPDATER", "result":""}
{"logTime": "0919/020358", "correlationVector":"/8s+PLuurAV2KqipKImHl+","action":"EXTENSION_UPDATER", "result":""}
{"logTime": "0919/020401", "correlationVector":"0D4A9187B4184B55BFDACA252F3A761E","action":"FETCH_UX_CONFIG", "result":""}
{"logTime": "0919/020439", "correlationVector":"lxJ6/AO6nd6HKTy5Zq1H3M","action":"EXTENSION_UPDATER", "result":""}
{"logTime": "0919/020440", "correlationVector":"7A786C5283FC42038F94728601A759B1","action":"FETCH_UX_CONFIG", "result":""}
{"logTime": "0919/020440", "correlationVector":"h19N9m7zx1Ynziy70MIE/Q","action":"EXTENSION_UPDATER", "result":""}
{"logTime": "0919/020519", "correlationVector":"YKxfu0Da8iZHoV2ABEcL3s","action":"EXTENSION_UPDATER", "result":""}
{"logTime": "0919/020520", "correlationVector":"BB1846A77BB347F6A50436191ED9706C","action":"FETCH_UX_CONFIG", "result":""}
{"logTime": "0919/020520", "correlationVector":"xwabHVMK+6fOH4AqHAZT8R","action":"EXTENSION_UPDATER", "result":""}
{"logTime": "0919/020545", "correlationVector":"xIj1pvT7qlYYObN7T5VO/c","action":"EXTENSION_UPDATER", "result":""}
{"logTime": "0919/020546", "correlationVector":"5DC55E0237EE4CEB9105B4984F777FC5","action":"FETCH_UX_CONFIG", "result":""}
{"logTime": "0919/020546", "correlationVector":"roH0oYWTDls0mlAFVCWRPg","action":"EXTENSION_UPDATER", "result":""}
{"logTime": "0919/020713", "correlationVector":"EGZwiaa05hekGBgedETkVG","action":"EXTENSION_UPDATER", "result":""}
{"logTime": "0919/020715", "correlationVector":"FNicywYBZ9PEFnSRKD2Pbf","action":"EXTENSION_UPDATER", "result":""}
{"logTime": "0919/020716", "correlationVector":"2D05674539844C03BB79C45AC4F0AE1A","action":"FETCH_UX_CONFIG", "result":""}
{"logTime": "0919/020732", "correlationVector":"TFY9W+2cthNLhct21z9VFT","action":"EXTENSION_UPDATER", "result":""}
{"logTime": "0919/020733", "correlationVector":"C753867E1C294A1B93A35890C7138A73","action":"FETCH_UX_CONFIG", "result":""}
{"logTime": "0919/020733", "correlationVector":"OtCgDcylV0jpFYqcKJuZZn","action":"EXTENSION_UPDATER", "result":""}
{"logTime": "0919/020742", "correlationVector":"JhrMFU9YemWfRgtOspN32G","action":"EXTENSION_UPDATER", "result":""}
{"logTime": "0919/020743", "correlationVector":"2BB6882D745146A892D140874B2BBA9A","action":"FETCH_UX_CONFIG", "result":""}
{"logTime": "0919/020743", "correlationVector":"Wv7zd6ennWUD1waiW+DkS1","action":"EXTENSION_UPDATER", "result":""}
{"logTime": "0919/020844", "correlationVector":"ulzkQVbqxY4LC94qAa1VXr","action":"EXTENSION_UPDATER", "result":""}
{"logTime": "0919/020846", "correlationVector":"90840B1619034C49B5519483B67503F4","action":"FETCH_UX_CONFIG", "result":""}
{"logTime": "0919/020846", "correlationVector":"ji+UDHN5GZoNTimerwx8IR","action":"EXTENSION_UPDATER", "result":""}
{"logTime": "0919/020930", "correlationVector":"2B1saElOb1TTJ/qDpgo7Yr","action":"EXTENSION_UPDATER", "result":""}
{"logTime": "0919/020931", "correlationVector":"0594074502764C2EBAD5DD3F6FEE0B9B","action":"FETCH_UX_CONFIG", "result":""}
{"logTime": "0919/020931", "correlationVector":"o0OyNOIr/iIU2JToCGbucd","action":"EXTENSION_UPDATER", "result":""}
{"logTime": "0919/021010", "correlationVector":"MXJviJqq00Tf0uskH/+V0S","action":"EXTENSION_UPDATER", "result":""}
{"logTime": "0919/021011", "correlationVector":"A8CCE5858D454CF5AF454334609361FC","action":"FETCH_UX_CONFIG", "result":""}
{"logTime": "0919/021012", "correlationVector":"nYOZ5FOyN86RnHX6BXRcRF","action":"EXTENSION_UPDATER", "result":""}
{"logTime": "0919/021057", "correlationVector":"mOkoQWFPcR/D5q19zgqvlH","action":"EXTENSION_UPDATER", "result":""}
{"logTime": "0919/021058", "correlationVector":"ZBNDd+DttOHZWGtrpU9KIx","action":"EXTENSION_UPDATER", "result":""}
{"logTime": "0919/021100", "correlationVector":"C78FB74AC6C34A78BCCF7A8EAD9D7756","action":"FETCH_UX_CONFIG", "result":""}
{"logTime": "0919/021147", "correlationVector":"uKA4orVP+AdiqN478ewPeT","action":"EXTENSION_UPDATER", "result":""}
{"logTime": "0919/021147", "correlationVector":"A795C8EF04FE43CF8F4A1DE24C0A4C10","action":"FETCH_UX_CONFIG", "result":""}
{"logTime": "0919/021148", "correlationVector":"Kp601tJatvPM2cm29TJU/m","action":"EXTENSION_UPDATER", "result":""}
{"logTime": "0919/021222", "correlationVector":"9kBPeft+X6xiYgYCNZuW71","action":"EXTENSION_UPDATER", "result":""}
{"logTime": "0919/021222", "correlationVector":"80602D83DBFD4E6B8810D77368DA187D","action":"FETCH_UX_CONFIG", "result":""}
{"logTime": "0919/021223", "correlationVector":"zW9jfpngpK/kltHbRu6ZMO","action":"EXTENSION_UPDATER", "result":""}
{"logTime": "0919/021307", "correlationVector":"0ekLv1wflcLxs7Uy2EXa0M","action":"EXTENSION_UPDATER", "result":""}
{"logTime": "0919/021308", "correlationVector":"2B72E475004142D4BD983D9AD279597D","action":"FETCH_UX_CONFIG", "result":""}
{"logTime": "0919/021309", "correlationVector":"m5dG07dnVIgvlxewTQQmhT","action":"EXTENSION_UPDATER", "result":""}
{"logTime": "0919/021404", "correlationVector":"9Z7jHiSwJC0GsdJtP6Kxdr","action":"EXTENSION_UPDATER", "result":""}
{"logTime": "0919/021405", "correlationVector":"984BD83D94584266A37DDD9EEB72963F","action":"FETCH_UX_CONFIG", "result":""}
{"logTime": "0919/021405", "correlationVector":"rQ6b1Hlmjwt+mIK4Cl6fGa","action":"EXTENSION_UPDATER", "result":""}
{"logTime": "0919/021708", "correlationVector":"rqtB8+wb/NCmgEvYJgmO95","action":"EXTENSION_UPDATER", "result":""}
{"logTime": "0919/021709", "correlationVector":"RSm2eOzhANuDwN7FGp47Od","action":"EXTENSION_UPDATER", "result":""}
{"logTime": "0919/021711", "correlationVector":"DD1D2792F78345998AEBFB65AC934C7F","action":"FETCH_UX_CONFIG", "result":""}
{"logTime": "0919/021732", "correlationVector":"FkXChCULU7S7+nCZnRHGgK","action":"EXTENSION_UPDATER", "result":""}
{"logTime": "0919/021733", "correlationVector":"F28867E4ACF840ACA0361706B05DB847","action":"FETCH_UX_CONFIG", "result":""}
{"logTime": "0919/021733", "correlationVector":"IDf2BSLiF16VG4Cn6d7oMh","action":"EXTENSION_UPDATER", "result":""}
{"logTime": "0919/021907", "correlationVector":"xx6NP9ru/EuzM0splgRw4P","action":"EXTENSION_UPDATER", "result":""}
{"logTime": "0919/021908", "correlationVector":"26E8D99504AF46669366F4A581FFA9B8","action":"FETCH_UX_CONFIG", "result":""}
{"logTime": "0919/021908", "correlationVector":"3sH2zBxrtgCYIDuOCv6JAF","action":"EXTENSION_UPDATER", "result":""}
{"logTime": "0919/022006", "correlationVector":"0F89/fevFVeAHfk453qE1A","action":"EXTENSION_UPDATER", "result":""}
{"logTime": "0919/022007", "correlationVector":"o6PuhMls7RJeJ+yK57POUd","action":"EXTENSION_UPDATER", "result":""}
{"logTime": "0919/022010", "correlationVector":"F9FB5B981976495ABE02730471E9FDB9","action":"FETCH_UX_CONFIG", "result":""}
{"logTime": "0919/022056", "correlationVector":"k5ViMB6kCLO7NhTIm3rOuY","action":"EXTENSION_UPDATER", "result":""}
{"logTime": "0919/022057", "correlationVector":"uX11txxuqH+lLQFxMLEuGp","action":"EXTENSION_UPDATER", "result":""}
{"logTime": "0919/022059", "correlationVector":"BBA4A60EFA3449E0B9B5D2D52778D416","action":"FETCH_UX_CONFIG", "result":""}
{"logTime": "0919/022146", "correlationVector":"ejYjIDy0kazoEThny3yb4H","action":"EXTENSION_UPDATER", "result":""}
{"logTime": "0919/022147", "correlationVector":"HT0ppC+S7xJGTb/e3XGnjS","action":"EXTENSION_UPDATER", "result":""}
{"logTime": "0919/022150", "correlationVector":"70F677B3DCD04561B43F9B49A7169A75","action":"FETCH_UX_CONFIG", "result":""}
{"logTime": "0919/022244", "correlationVector":"Xd+r6Pl/tlhVPFxrvKLEWM","action":"EXTENSION_UPDATER", "result":""}
{"logTime": "0919/022245", "correlationVector":"45B206EC0A0442FFB67D862A30D1500D","action":"FETCH_UX_CONFIG", "result":""}
{"logTime": "0919/022245", "correlationVector":"YUuSgRFsyG7vHq3BFSg2yf","action":"EXTENSION_UPDATER", "result":""}
{"logTime": "0919/022435", "correlationVector":"P3eEo4NUrcxXD6WTOJdnbG","action":"EXTENSION_UPDATER", "result":""}
{"logTime": "0919/022437", "correlationVector":"0jAVCxfe5K06d6erc7xsag","action":"EXTENSION_UPDATER", "result":""}
{"logTime": "0919/022439", "correlationVector":"68581532F90F4A23916643E10F929FD6","action":"FETCH_UX_CONFIG", "result":""}
{"logTime": "0919/022452", "correlationVector":"Rpil3y6GDVe1fsEFJtFYOX","action":"EXTENSION_UPDATER", "result":""}
{"logTime": "0919/022454", "correlationVector":"OTFZJkWKjEnJdERtcIheb9","action":"EXTENSION_UPDATER", "result":""}
{"logTime": "0919/022829", "correlationVector":"wApP4KrM0som8oWRQJ3GkS","action":"EXTENSION_UPDATER", "result":""}
{"logTime": "0919/022831", "correlationVector":"F2WrvljiaeFnc0dPC3JUZ4","action":"EXTENSION_UPDATER", "result":""}
{"logTime": "0919/022833", "correlationVector":"BFA7A522E7F4421C8EC405D8377FDB0E","action":"FETCH_UX_CONFIG", "result":""}
{"logTime": "0919/022915", "correlationVector":"sydlfqIyjbSty4mcubMJQ0","action":"EXTENSION_UPDATER", "result":""}
{"logTime": "0919/022915", "correlationVector":"58979EE80DD04937ABDA308E9CE8D2D7","action":"FETCH_UX_CONFIG", "result":""}
{"logTime": "0919/022916", "correlationVector":"PII2+K5i7EFs9cdc9D89v/","action":"EXTENSION_UPDATER", "result":""}
{"logTime": "0919/023017", "correlationVector":"pzVKQqOjGIzdWHdykRnEme","action":"EXTENSION_UPDATER", "result":""}
{"logTime": "0919/023019", "correlationVector":"6F119F119B594C54900EB9CB3C46FC80","action":"FETCH_UX_CONFIG", "result":""}
{"logTime": "0919/023019", "correlationVector":"AgpjT20aA+coAXdzYkgqug","action":"EXTENSION_UPDATER", "result":""}
{"logTime": "0919/023056", "correlationVector":"Za4YHsHf6vcNbTV2fXGoXc","action":"EXTENSION_UPDATER", "result":""}
{"logTime": "0919/023057", "correlationVector":"3E9120E4CB8F4A12B089C0D4D5E42A9E","action":"FETCH_UX_CONFIG", "result":""}
{"logTime": "0919/023057", "correlationVector":"uqbDBRUWowf/Mwr2wBiGx7","action":"EXTENSION_UPDATER", "result":""}
{"logTime": "0919/023153", "correlationVector":"uFwMNnaXtkFDqNan+1qyLK","action":"EXTENSION_UPDATER", "result":""}
{"logTime": "0919/023154", "correlationVector":"51C2EEAD32D1419D8E676466275F678B","action":"FETCH_UX_CONFIG", "result":""}
{"logTime": "0919/023154", "correlationVector":"HmevTef8BG+d5cCbMe6t5S","action":"EXTENSION_UPDATER", "result":""}
{"logTime": "0919/023328", "correlationVector":"XZxdLJETnqO04ScCcEpzce","action":"EXTENSION_UPDATER", "result":""}
{"logTime": "0919/023330", "correlationVector":"F07BE86D0C254DC28C9E84E3DD5A86C8","action":"FETCH_UX_CONFIG", "result":""}
{"logTime": "0919/023330", "correlationVector":"y/Sh10UXG3hwoHD8+ba5xy","action":"EXTENSION_UPDATER", "result":""}
{"logTime": "0919/023422", "correlationVector":"6fr+wpCMYwOAflPL5cmI9D","action":"EXTENSION_UPDATER", "result":""}
{"logTime": "0919/023424", "correlationVector":"71AC42B40602438F9D96477AB20DCDCE","action":"FETCH_UX_CONFIG", "result":""}
{"logTime": "0919/023424", "correlationVector":"gKaeGwx23/e7P2La0cT4Hf","action":"EXTENSION_UPDATER", "result":""}
{"logTime": "0919/023447", "correlationVector":"6gl5xlGMLfFkQpcDKrov4a","action":"EXTENSION_UPDATER", "result":""}
{"logTime": "0919/023448", "correlationVector":"W2yMHvGhBUFZw4vYatcJtH","action":"EXTENSION_UPDATER", "result":""}
{"logTime": "0919/023451", "correlationVector":"B5534475FE7B4976BBBC2AEE5E45B658","action":"FETCH_UX_CONFIG", "result":""}
{"logTime": "0919/023612", "correlationVector":"fLjqcun+hCOuoELqg/+0oO","action":"EXTENSION_UPDATER", "result":""}
{"logTime": "0919/023613", "correlationVector":"5C6CB803647D4898B8923283AFC0C434","action":"FETCH_UX_CONFIG", "result":""}
{"logTime": "0919/023613", "correlationVector":"oqucVuO0SxjtRsRZLMZ4gK","action":"EXTENSION_UPDATER", "result":""}
{"logTime": "0919/023657", "correlationVector":"oM+pD3ut5nUYiq5L1kgj8D","action":"EXTENSION_UPDATER", "result":""}
{"logTime": "0919/023658", "correlationVector":"58ECA0F3259F45BEBF0096039F06F16B","action":"FETCH_UX_CONFIG", "result":""}
{"logTime": "0919/023658", "correlationVector":"q5CWdcEsK5BEKAPJ3+8no4","action":"EXTENSION_UPDATER", "result":""}
{"logTime": "0919/023735", "correlationVector":"MRb2lGrneaINO0tGkPO1tg","action":"EXTENSION_UPDATER", "result":""}
{"logTime": "0919/023736", "correlationVector":"wF2wJG2tMhy2a1o3e6iV5Q","action":"EXTENSION_UPDATER", "result":""}
{"logTime": "0919/023738", "correlationVector":"6612F48296E445DFA620B354AF10564F","action":"FETCH_UX_CONFIG", "result":""}
{"logTime": "0919/023831", "correlationVector":"y1YOWNhnoHGS9V5FfFKLBc","action":"EXTENSION_UPDATER", "result":""}
{"logTime": "0919/023831", "correlationVector":"EC6B0F54DED149DEB62B98EDFE8FFAAB","action":"FETCH_UX_CONFIG", "result":""}
{"logTime": "0919/023832", "correlationVector":"Y1L11CmjuuHa6yzuMD9trq","action":"EXTENSION_UPDATER", "result":""}
{"logTime": "0919/023939", "correlationVector":"sjRJTHOpNsZKsSXZfCT5k1","action":"EXTENSION_UPDATER", "result":""}
{"logTime": "0919/023940", "correlationVector":"D9302848F7BC4C72BB9BE5B99A76D1A2","action":"FETCH_UX_CONFIG", "result":""}
{"logTime": "0919/023940", "correlationVector":"QLUQqXy9BFqBm8rqozErzq","action":"EXTENSION_UPDATER", "result":""}
{"logTime": "0919/024014", "correlationVector":"tBu3KneGBIVeQH1ARznjBg","action":"EXTENSION_UPDATER", "result":""}
{"logTime": "0919/024015", "correlationVector":"UdRmfi+vnlHB37stUHbvNX","action":"EXTENSION_UPDATER", "result":""}
{"logTime": "0919/024017", "correlationVector":"194EF54E5653472290F746428FF40BC9","action":"FETCH_UX_CONFIG", "result":""}
{"logTime": "0919/024115", "correlationVector":"KwL+4dUVWQagz+ydKJkPPS","action":"EXTENSION_UPDATER", "result":""}
{"logTime": "0919/024117", "correlationVector":"2E32D5D4CF14476CB2836D2BD8E2FD56","action":"FETCH_UX_CONFIG", "result":""}
{"logTime": "0919/024118", "correlationVector":"i9vcVEW2znGHVdNyzsIVX5","action":"EXTENSION_UPDATER", "result":""}
{"logTime": "0919/024151", "correlationVector":"7pwMkP3uybB8Sdwdj+rcA1","action":"EXTENSION_UPDATER", "result":""}
{"logTime": "0919/024153", "correlationVector":"9WI7Nqsk7mIol0znywB8Hp","action":"EXTENSION_UPDATER", "result":""}
{"logTime": "0919/024155", "correlationVector":"029DE09EB1F546A28CF795C6D31B8845","action":"FETCH_UX_CONFIG", "result":""}
{"logTime": "0919/024305", "correlationVector":"VMdlyD3srJyBLK4XnAM11e","action":"EXTENSION_UPDATER", "result":""}
{"logTime": "0919/024307", "correlationVector":"CvHs37Z7089Rn0Jk9D3e7o","action":"EXTENSION_UPDATER", "result":""}
{"logTime": "0919/024311", "correlationVector":"2D561581DB1347ACA3BF426170478E57","action":"FETCH_UX_CONFIG", "result":""}
{"logTime": "0919/024410", "correlationVector":"+Jbd3hAKDOMYdc7ejo4aq9","action":"EXTENSION_UPDATER", "result":""}
{"logTime": "0919/024411", "correlationVector":"0C8CA25BF41B4923B2D40D7228C2973A","action":"FETCH_UX_CONFIG", "result":""}
{"logTime": "0919/024411", "correlationVector":"RxmOGCTlXwc5/DPQk9Ecrq","action":"EXTENSION_UPDATER", "result":""}
{"logTime": "0919/024435", "correlationVector":"UnsQvHBxKLIWkPdDHgo9ua","action":"EXTENSION_UPDATER", "result":""}
{"logTime": "0919/024436", "correlationVector":"5C708F3B5D7A4717ADED79D4D5DB9964","action":"FETCH_UX_CONFIG", "result":""}
{"logTime": "0919/024437", "correlationVector":"szlwtq2pbVbdu06j0gCPK0","action":"EXTENSION_UPDATER", "result":""}
{"logTime": "0919/024527", "correlationVector":"ijOKFnqUodIgVqcXZz+hP8","action":"EXTENSION_UPDATER", "result":""}
{"logTime": "0919/024527", "correlationVector":"gX60ST2+nsZccwhMO+KCfd","action":"EXTENSION_UPDATER", "result":""}
{"logTime": "0919/024530", "correlationVector":"745059C05CAE41D0A1802E4CD3702EB5","action":"FETCH_UX_CONFIG", "result":""}
{"logTime": "0919/024615", "correlationVector":"oKFJ2GkFf4jSnDvNIpZ/P/","action":"EXTENSION_UPDATER", "result":""}
{"logTime": "0919/024616", "correlationVector":"F99C428A0F5A4B41BB52D3961A8D5EC0","action":"FETCH_UX_CONFIG", "result":""}
{"logTime": "0919/024617", "correlationVector":"bMxOyvAg1yN3Lk1JMDpyDZ","action":"EXTENSION_UPDATER", "result":""}
{"logTime": "0919/025409", "correlationVector":"72bbs5r/WKWiUtZiBllGRr","action":"EXTENSION_UPDATER", "result":""}
{"logTime": "0919/025410", "correlationVector":"003D8E24FCC8477DA8903B90A4BD7F55","action":"FETCH_UX_CONFIG", "result":""}
{"logTime": "0919/025410", "correlationVector":"NsWzfVvkDqT2Kl1OGTccPr","action":"EXTENSION_UPDATER", "result":""}
{"logTime": "0919/025512", "correlationVector":"pQPgRtPhSqsoqT1oB115vJ","action":"EXTENSION_UPDATER", "result":""}
{"logTime": "0919/025514", "correlationVector":"673210F4CE254AA79E5870394C1E9402","action":"FETCH_UX_CONFIG", "result":""}
{"logTime": "0919/025514", "correlationVector":"PspLnJrkgDVzUqA2ym0IBX","action":"EXTENSION_UPDATER", "result":""}
{"logTime": "0919/025647", "correlationVector":"Xc7xAmNYnK+LLHEg4yvmzK","action":"EXTENSION_UPDATER", "result":""}
{"logTime": "0919/025648", "correlationVector":"C051F7AD534149C690D6DF4DB945988F","action":"FETCH_UX_CONFIG", "result":""}
{"logTime": "0919/025648", "correlationVector":"o/pNi7BO/n7KiA3fbG7MTv","action":"EXTENSION_UPDATER", "result":""}
{"logTime": "0919/025730", "correlationVector":"Uj7qZqhIfbReT8TZB4oBBR","action":"EXTENSION_UPDATER", "result":""}
{"logTime": "0919/025731", "correlationVector":"o5K/vLC8QH+1B7XW8iyWF9","action":"EXTENSION_UPDATER", "result":""}
{"logTime": "0919/025732", "correlationVector":"F8D3A6B2B7614E00BDA3C29FB4ABCA05","action":"FETCH_UX_CONFIG", "result":""}
{"logTime": "0919/025814", "correlationVector":"7Rf4fEDFxx5xqo2X6pOmuQ","action":"EXTENSION_UPDATER", "result":""}
{"logTime": "0919/025817", "correlationVector":"R3p6MPGO/GQlzmAv2H/kVg","action":"EXTENSION_UPDATER", "result":""}
{"logTime": "0919/025819", "correlationVector":"82D4D0068FAA4018A48A154CDDA5211E","action":"FETCH_UX_CONFIG", "result":""}
{"logTime": "0919/025906", "correlationVector":"2683B+0D7sjjTpMSEGCFZy","action":"EXTENSION_UPDATER", "result":""}
{"logTime": "0919/025907", "correlationVector":"i+gHDM43QOGaNseIIv9EFB","action":"EXTENSION_UPDATER", "result":""}
{"logTime": "0919/025909", "correlationVector":"E7CB36E2C8C442A283AC5461A085F83C","action":"FETCH_UX_CONFIG", "result":""}
{"logTime": "0919/025923", "correlationVector":"QMIZpNJjoYp9NCojARKiT2","action":"EXTENSION_UPDATER", "result":""}
{"logTime": "0919/025924", "correlationVector":"Ccwe2WvpnCTcJiOTEds3js","action":"EXTENSION_UPDATER", "result":""}
{"logTime": "0919/025926", "correlationVector":"6E3096D288E74ABD87884A29F5B74E1F","action":"FETCH_UX_CONFIG", "result":""}
{"logTime": "0919/030044", "correlationVector":"qbsyhJwbJngGQ4ClIZZlGt","action":"EXTENSION_UPDATER", "result":""}
{"logTime": "0919/030045", "correlationVector":"E51E70F356F94C88BAC377E32A73D6F2","action":"FETCH_UX_CONFIG", "result":""}
{"logTime": "0919/030045", "correlationVector":"xhqCm4Qm57YQhmjQsAqIQl","action":"EXTENSION_UPDATER", "result":""}
{"logTime": "0919/030109", "correlationVector":"1YXx4hIs6MrxJSnkWYD89Q","action":"EXTENSION_UPDATER", "result":""}
{"logTime": "0919/030110", "correlationVector":"VQGHPsm3xrieyw7ZYaCE5t","action":"EXTENSION_UPDATER", "result":""}
{"logTime": "0919/030112", "correlationVector":"B47446A9AE744467AA12ABB28C19262E","action":"FETCH_UX_CONFIG", "result":""}
{"logTime": "0919/030136", "correlationVector":"Q9VbvqIbu0jVgul0EAq7k9","action":"EXTENSION_UPDATER", "result":""}
{"logTime": "0919/030137", "correlationVector":"24zOmk7L5bAGqMtFBtSXT6","action":"EXTENSION_UPDATER", "result":""}
{"logTime": "0919/030139", "correlationVector":"A4670987C03F4D20AD14BC6AE950DB31","action":"FETCH_UX_CONFIG", "result":""}
{"logTime": "0919/030240", "correlationVector":"w0a4lkr0JLY8da/IzWtvHB","action":"EXTENSION_UPDATER", "result":""}
{"logTime": "0919/030241", "correlationVector":"g8dFDpd+WJdChFPnlkbfjX","action":"EXTENSION_UPDATER", "result":""}
{"logTime": "0919/030244", "correlationVector":"1C2899FA04C4452187235D23BF4E1ACA","action":"FETCH_UX_CONFIG", "result":""}
{"logTime": "0919/030308", "correlationVector":"HdYgyv1t09KTYzVqwCLX5v","action":"EXTENSION_UPDATER", "result":""}
{"logTime": "0919/030309", "correlationVector":"FD7ABC6EC37A43E6925E29927E7B6A1C","action":"FETCH_UX_CONFIG", "result":""}
{"logTime": "0919/030309", "correlationVector":"KCm2xy8WcyP2TRdTuEw4Bg","action":"EXTENSION_UPDATER", "result":""}
{"logTime": "0919/030458", "correlationVector":"glJlu/iw+JmsnOkUtD93zA","action":"EXTENSION_UPDATER", "result":""}
{"logTime": "0919/030502", "correlationVector":"h1dgTSRtBmD0tFOsUpCwIL","action":"EXTENSION_UPDATER", "result":""}
{"logTime": "0919/030504", "correlationVector":"A8FCAB911D56454087C8BF657FFB6F7D","action":"FETCH_UX_CONFIG", "result":""}
{"logTime": "0919/030541", "correlationVector":"PP/aHI5zyXS4OGOxbXoz6F","action":"EXTENSION_UPDATER", "result":""}
{"logTime": "0919/030541", "correlationVector":"2FFF80C815B94CD5BF55DD40F48B4442","action":"FETCH_UX_CONFIG", "result":""}
{"logTime": "0919/030541", "correlationVector":"DQSZ9rp3PiC4R1ZtnOXDXk","action":"EXTENSION_UPDATER", "result":""}
{"logTime": "0919/030639", "correlationVector":"a8VRYW4kAaO4RDUfF8PQjC","action":"EXTENSION_UPDATER", "result":""}
{"logTime": "0919/030640", "correlationVector":"A81C323A804B4FAB98EE6FEFCBD4FFD0","action":"FETCH_UX_CONFIG", "result":""}
{"logTime": "0919/030640", "correlationVector":"gltltT4HOpjwckh+PGWW2t","action":"EXTENSION_UPDATER", "result":""}
{"logTime": "0919/030735", "correlationVector":"ds/xclac6Oer7+w7MEC3GR","action":"EXTENSION_UPDATER", "result":""}
{"logTime": "0919/030735", "correlationVector":"84B49500CFDC4B318CA06C7B58178B5B","action":"FETCH_UX_CONFIG", "result":""}
{"logTime": "0919/030736", "correlationVector":"64HeFPIMVn7Pi7auy1WtF4","action":"EXTENSION_UPDATER", "result":""}
{"logTime": "0919/030757", "correlationVector":"Cqe8MkhEF7QcUceMRWECW6","action":"EXTENSION_UPDATER", "result":""}
{"logTime": "0919/030757", "correlationVector":"63CDF0E729B34EC18D31F5204E91E5DB","action":"FETCH_UX_CONFIG", "result":""}
{"logTime": "0919/030758", "correlationVector":"xzcjCnlUidDLlGRdV6KypZ","action":"EXTENSION_UPDATER", "result":""}
{"logTime": "0919/030818", "correlationVector":"6C0vtwXWBZlQf/5+GMipIS","action":"EXTENSION_UPDATER", "result":""}
{"logTime": "0919/030818", "correlationVector":"4C3D05E7D26146BE93624681719B7B73","action":"FETCH_UX_CONFIG", "result":""}
{"logTime": "0919/030819", "correlationVector":"4fS5j1pyGDZ4AlaCvywsgs","action":"EXTENSION_UPDATER", "result":""}
{"logTime": "0919/030901", "correlationVector":"gB6y0nwrFlhqG8FRkx1n2b","action":"EXTENSION_UPDATER", "result":""}
{"logTime": "0919/030902", "correlationVector":"BX7jZh/2T2AIs2DdjNJgpT","action":"EXTENSION_UPDATER", "result":""}
{"logTime": "0919/030904", "correlationVector":"34384CDAE829406BBB005275FDD2A3C3","action":"FETCH_UX_CONFIG", "result":""}
{"logTime": "0919/031000", "correlationVector":"hLCYd8g2n8n3JXkMiPtd4F","action":"EXTENSION_UPDATER", "result":""}
{"logTime": "0919/031001", "correlationVector":"dXrLg5ZkdDnKjqU9avbLzz","action":"EXTENSION_UPDATER", "result":""}
{"logTime": "0919/031003", "correlationVector":"3C26459C2F4F4CFB9F8A520316997BCF","action":"FETCH_UX_CONFIG", "result":""}
{"logTime": "0919/100813", "correlationVector":"boxocuRa6vfp60JgKrXevv","action":"EXTENSION_UPDATER", "result":""}
{"logTime": "0919/100814", "correlationVector":"Wuc3/t1fPXBptSUDQ+mcob","action":"EXTENSION_UPDATER", "result":""}
{"logTime": "0919/100817", "correlationVector":"912EDECB83B64FD5B7CFA4CC1F5617BA","action":"FETCH_UX_CONFIG", "result":""}
{"logTime": "0919/101431", "correlationVector":"EehIwko270K2wZjr5ocGOz","action":"EXTENSION_UPDATER", "result":""}
{"logTime": "0919/101432", "correlationVector":"LGTtwfkG9lRiABQx5SU0b4","action":"EXTENSION_UPDATER", "result":""}
{"logTime": "0919/101435", "correlationVector":"CB8ECFBFACF742FBA878DC627C7FC0E7","action":"FETCH_UX_CONFIG", "result":""}
{"logTime": "0919/101501", "correlationVector":"G+cPADPqJ3JZWZAIdK8YNl","action":"EXTENSION_UPDATER", "result":""}
{"logTime": "0919/101502", "correlationVector":"jci81rlhFJIEs1HoL+APdk","action":"EXTENSION_UPDATER", "result":""}
{"logTime": "0919/101504", "correlationVector":"6F9370E06CD644388B65754BB6617ADB","action":"FETCH_UX_CONFIG", "result":""}
{"logTime": "0919/101754", "correlationVector":"YPiLOagWwEGQf30Bq/h8c1","action":"EXTENSION_UPDATER", "result":""}
{"logTime": "0919/101755", "correlationVector":"bazQ29garK2U2womqIlyQE","action":"EXTENSION_UPDATER", "result":""}
{"logTime": "0919/101755", "correlationVector":"6A5AE0D388CC4D649B772645E590CE4B","action":"FETCH_UX_CONFIG", "result":""}
{"logTime": "0919/101817", "correlationVector":"EnskKWZyRplO0up4GAuJjS","action":"EXTENSION_UPDATER", "result":""}
{"logTime": "0919/101818", "correlationVector":"3FFB4CCD36144BB6A40BC6A0D8DFC96D","action":"FETCH_UX_CONFIG", "result":""}
{"logTime": "0919/101818", "correlationVector":"RBb9FDpkwJsGrWlIhy4Ot+","action":"EXTENSION_UPDATER", "result":""}
{"logTime": "0919/101934", "correlationVector":"yWzUO74SbZDOHxn82oYYHc","action":"EXTENSION_UPDATER", "result":""}
{"logTime": "0919/101935", "correlationVector":"pXLZbbNTyEIL7lReQ66kQV","action":"EXTENSION_UPDATER", "result":""}
{"logTime": "0919/101937", "correlationVector":"695AFDE4B1D84341A8F55F4F77464F92","action":"FETCH_UX_CONFIG", "result":""}
{"logTime": "0919/101951", "correlationVector":"ykiGiSp8cpoubTWD0V4Vrv","action":"EXTENSION_UPDATER", "result":""}
{"logTime": "0919/101952", "correlationVector":"0AF46BD57C144D15A4074805237095C8","action":"FETCH_UX_CONFIG", "result":""}
{"logTime": "0919/101952", "correlationVector":"EP9OSat4pWHuunQjCl7HhR","action":"EXTENSION_UPDATER", "result":""}
